INFO:root:reference grid (113, 113, 113) (1442897 points)
INFO:root:no split.json at examples/ellipsoids_of4/split.json; seeded 27 analytic anchors from manifest data/openfoam/ellipsoids_u10/lhs_latents.npz
INFO:root:training latents: 27 codes of size 16
INFO:root:LHS: 500 samples in 16 dims (bounds expanded by 10%, seed 0, offset 0, latent_max_norm 1.0)
INFO:root:LHS validity: 500 accepted / 0 rejected
INFO:root:merging into existing manifest: 527 shapes
WARNING:root:manifest already contains lhs/shape_000.npz, skipped
WARNING:root:manifest already contains lhs/shape_001.npz, skipped
WARNING:root:manifest already contains lhs/shape_002.npz, skipped
WARNING:root:manifest already contains lhs/shape_003.npz, skipped
WARNING:root:manifest already contains lhs/shape_004.npz, skipped
WARNING:root:manifest already contains lhs/shape_005.npz, skipped
WARNING:root:manifest already contains lhs/shape_006.npz, skipped
WARNING:root:manifest already contains lhs/shape_007.npz, skipped
WARNING:root:manifest already contains lhs/shape_008.npz, skipped
WARNING:root:manifest already contains lhs/shape_009.npz, skipped
WARNING:root:manifest already contains lhs/shape_010.npz, skipped
WARNING:root:manifest already contains lhs/shape_011.npz, skipped
WARNING:root:manifest already contains lhs/shape_012.npz, skipped
WARNING:root:manifest already contains lhs/shape_013.npz, skipped
WARNING:root:manifest already contains lhs/shape_014.npz, skipped
WARNING:root:manifest already contains lhs/shape_015.npz, skipped
WARNING:root:manifest already contains lhs/shape_016.npz, skipped
WARNING:root:manifest already contains lhs/shape_017.npz, skipped
WARNING:root:manifest already contains lhs/shape_018.npz, skipped
WARNING:root:manifest already contains lhs/shape_019.npz, skipped
WARNING:root:manifest already contains lhs/shape_020.npz, skipped
WARNING:root:manifest already contains lhs/shape_021.npz, skipped
WARNING:root:manifest already contains lhs/shape_022.npz, skipped
WARNING:root:manifest already contains lhs/shape_023.npz, skipped
WARNING:root:manifest already contains lhs/shape_024.npz, skipped
WARNING:root:manifest already contains lhs/shape_025.npz, skipped
WARNING:root:manifest already contains lhs/shape_026.npz, skipped
WARNING:root:manifest already contains lhs/shape_027.npz, skipped
WARNING:root:manifest already contains lhs/shape_028.npz, skipped
WARNING:root:manifest already contains lhs/shape_029.npz, skipped
WARNING:root:manifest already contains lhs/shape_030.npz, skipped
WARNING:root:manifest already contains lhs/shape_031.npz, skipped
WARNING:root:manifest already contains lhs/shape_032.npz, skipped
WARNING:root:manifest already contains lhs/shape_033.npz, skipped
WARNING:root:manifest already contains lhs/shape_034.npz, skipped
WARNING:root:manifest already contains lhs/shape_035.npz, skipped
WARNING:root:manifest already contains lhs/shape_036.npz, skipped
WARNING:root:manifest already contains lhs/shape_037.npz, skipped
WARNING:root:manifest already contains lhs/shape_038.npz, skipped
WARNING:root:manifest already contains lhs/shape_039.npz, skipped
WARNING:root:manifest already contains lhs/shape_040.npz, skipped
WARNING:root:manifest already contains lhs/shape_041.npz, skipped
WARNING:root:manifest already contains lhs/shape_042.npz, skipped
WARNING:root:manifest already contains lhs/shape_043.npz, skipped
WARNING:root:manifest already contains lhs/shape_044.npz, skipped
WARNING:root:manifest already contains lhs/shape_045.npz, skipped
WARNING:root:manifest already contains lhs/shape_046.npz, skipped
WARNING:root:manifest already contains lhs/shape_047.npz, skipped
WARNING:root:manifest already contains lhs/shape_048.npz, skipped
WARNING:root:manifest already contains lhs/shape_049.npz, skipped
WARNING:root:manifest already contains lhs/shape_050.npz, skipped
WARNING:root:manifest already contains lhs/shape_051.npz, skipped
WARNING:root:manifest already contains lhs/shape_052.npz, skipped
WARNING:root:manifest already contains lhs/shape_053.npz, skipped
WARNING:root:manifest already contains lhs/shape_054.npz, skipped
WARNING:root:manifest already contains lhs/shape_055.npz, skipped
WARNING:root:manifest already contains lhs/shape_056.npz, skipped
WARNING:root:manifest already contains lhs/shape_057.npz, skipped
WARNING:root:manifest already contains lhs/shape_058.npz, skipped
WARNING:root:manifest already contains lhs/shape_059.npz, skipped
WARNING:root:manifest already contains lhs/shape_060.npz, skipped
WARNING:root:manifest already contains lhs/shape_061.npz, skipped
WARNING:root:manifest already contains lhs/shape_062.npz, skipped
WARNING:root:manifest already contains lhs/shape_063.npz, skipped
WARNING:root:manifest already contains lhs/shape_064.npz, skipped
WARNING:root:manifest already contains lhs/shape_065.npz, skipped
WARNING:root:manifest already contains lhs/shape_066.npz, skipped
WARNING:root:manifest already contains lhs/shape_067.npz, skipped
WARNING:root:manifest already contains lhs/shape_068.npz, skipped
WARNING:root:manifest already contains lhs/shape_069.npz, skipped
WARNING:root:manifest already contains lhs/shape_070.npz, skipped
WARNING:root:manifest already contains lhs/shape_071.npz, skipped
WARNING:root:manifest already contains lhs/shape_072.npz, skipped
WARNING:root:manifest already contains lhs/shape_073.npz, skipped
WARNING:root:manifest already contains lhs/shape_074.npz, skipped
WARNING:root:manifest already contains lhs/shape_075.npz, skipped
WARNING:root:manifest already contains lhs/shape_076.npz, skipped
WARNING:root:manifest already contains lhs/shape_077.npz, skipped
WARNING:root:manifest already contains lhs/shape_078.npz, skipped
WARNING:root:manifest already contains lhs/shape_079.npz, skipped
WARNING:root:manifest already contains lhs/shape_080.npz, skipped
WARNING:root:manifest already contains lhs/shape_081.npz, skipped
WARNING:root:manifest already contains lhs/shape_082.npz, skipped
WARNING:root:manifest already contains lhs/shape_083.npz, skipped
WARNING:root:manifest already contains lhs/shape_084.npz, skipped
WARNING:root:manifest already contains lhs/shape_085.npz, skipped
WARNING:root:manifest already contains lhs/shape_086.npz, skipped
WARNING:root:manifest already contains lhs/shape_087.npz, skipped
WARNING:root:manifest already contains lhs/shape_088.npz, skipped
WARNING:root:manifest already contains lhs/shape_089.npz, skipped
WARNING:root:manifest already contains lhs/shape_090.npz, skipped
WARNING:root:manifest already contains lhs/shape_091.npz, skipped
WARNING:root:manifest already contains lhs/shape_092.npz, skipped
WARNING:root:manifest already contains lhs/shape_093.npz, skipped
WARNING:root:manifest already contains lhs/shape_094.npz, skipped
WARNING:root:manifest already contains lhs/shape_095.npz, skipped
WARNING:root:manifest already contains lhs/shape_096.npz, skipped
WARNING:root:manifest already contains lhs/shape_097.npz, skipped
WARNING:root:manifest already contains lhs/shape_098.npz, skipped
WARNING:root:manifest already contains lhs/shape_099.npz, skipped
WARNING:root:manifest already contains lhs/shape_100.npz, skipped
WARNING:root:manifest already contains lhs/shape_101.npz, skipped
WARNING:root:manifest already contains lhs/shape_102.npz, skipped
WARNING:root:manifest already contains lhs/shape_103.npz, skipped
WARNING:root:manifest already contains lhs/shape_104.npz, skipped
WARNING:root:manifest already contains lhs/shape_105.npz, skipped
WARNING:root:manifest already contains lhs/shape_106.npz, skipped
WARNING:root:manifest already contains lhs/shape_107.npz, skipped
WARNING:root:manifest already contains lhs/shape_108.npz, skipped
WARNING:root:manifest already contains lhs/shape_109.npz, skipped
WARNING:root:manifest already contains lhs/shape_110.npz, skipped
WARNING:root:manifest already contains lhs/shape_111.npz, skipped
WARNING:root:manifest already contains lhs/shape_112.npz, skipped
WARNING:root:manifest already contains lhs/shape_113.npz, skipped
WARNING:root:manifest already contains lhs/shape_114.npz, skipped
WARNING:root:manifest already contains lhs/shape_115.npz, skipped
WARNING:root:manifest already contains lhs/shape_116.npz, skipped
WARNING:root:manifest already contains lhs/shape_117.npz, skipped
WARNING:root:manifest already contains lhs/shape_118.npz, skipped
WARNING:root:manifest already contains lhs/shape_119.npz, skipped
WARNING:root:manifest already contains lhs/shape_120.npz, skipped
WARNING:root:manifest already contains lhs/shape_121.npz, skipped
WARNING:root:manifest already contains lhs/shape_122.npz, skipped
WARNING:root:manifest already contains lhs/shape_123.npz, skipped
WARNING:root:manifest already contains lhs/shape_124.npz, skipped
WARNING:root:manifest already contains lhs/shape_125.npz, skipped
WARNING:root:manifest already contains lhs/shape_126.npz, skipped
WARNING:root:manifest already contains lhs/shape_127.npz, skipped
WARNING:root:manifest already contains lhs/shape_128.npz, skipped
WARNING:root:manifest already contains lhs/shape_129.npz, skipped
WARNING:root:manifest already contains lhs/shape_130.npz, skipped
WARNING:root:manifest already contains lhs/shape_131.npz, skipped
WARNING:root:manifest already contains lhs/shape_132.npz, skipped
WARNING:root:manifest already contains lhs/shape_133.npz, skipped
WARNING:root:manifest already contains lhs/shape_134.npz, skipped
WARNING:root:manifest already contains lhs/shape_135.npz, skipped
WARNING:root:manifest already contains lhs/shape_136.npz, skipped
WARNING:root:manifest already contains lhs/shape_137.npz, skipped
WARNING:root:manifest already contains lhs/shape_138.npz, skipped
WARNING:root:manifest already contains lhs/shape_139.npz, skipped
WARNING:root:manifest already contains lhs/shape_140.npz, skipped
WARNING:root:manifest already contains lhs/shape_141.npz, skipped
WARNING:root:manifest already contains lhs/shape_142.npz, skipped
WARNING:root:manifest already contains lhs/shape_143.npz, skipped
WARNING:root:manifest already contains lhs/shape_144.npz, skipped
WARNING:root:manifest already contains lhs/shape_145.npz, skipped
WARNING:root:manifest already contains lhs/shape_146.npz, skipped
WARNING:root:manifest already contains lhs/shape_147.npz, skipped
WARNING:root:manifest already contains lhs/shape_148.npz, skipped
WARNING:root:manifest already contains lhs/shape_149.npz, skipped
WARNING:root:manifest already contains lhs/shape_150.npz, skipped
WARNING:root:manifest already contains lhs/shape_151.npz, skipped
WARNING:root:manifest already contains lhs/shape_152.npz, skipped
WARNING:root:manifest already contains lhs/shape_153.npz, skipped
WARNING:root:manifest already contains lhs/shape_154.npz, skipped
WARNING:root:manifest already contains lhs/shape_155.npz, skipped
WARNING:root:manifest already contains lhs/shape_156.npz, skipped
WARNING:root:manifest already contains lhs/shape_157.npz, skipped
WARNING:root:manifest already contains lhs/shape_158.npz, skipped
WARNING:root:manifest already contains lhs/shape_159.npz, skipped
WARNING:root:manifest already contains lhs/shape_160.npz, skipped
WARNING:root:manifest already contains lhs/shape_161.npz, skipped
WARNING:root:manifest already contains lhs/shape_162.npz, skipped
WARNING:root:manifest already contains lhs/shape_163.npz, skipped
WARNING:root:manifest already contains lhs/shape_164.npz, skipped
WARNING:root:manifest already contains lhs/shape_165.npz, skipped
WARNING:root:manifest already contains lhs/shape_166.npz, skipped
WARNING:root:manifest already contains lhs/shape_167.npz, skipped
WARNING:root:manifest already contains lhs/shape_168.npz, skipped
WARNING:root:manifest already contains lhs/shape_169.npz, skipped
WARNING:root:manifest already contains lhs/shape_170.npz, skipped
WARNING:root:manifest already contains lhs/shape_171.npz, skipped
WARNING:root:manifest already contains lhs/shape_172.npz, skipped
WARNING:root:manifest already contains lhs/shape_173.npz, skipped
WARNING:root:manifest already contains lhs/shape_174.npz, skipped
WARNING:root:manifest already contains lhs/shape_175.npz, skipped
WARNING:root:manifest already contains lhs/shape_176.npz, skipped
WARNING:root:manifest already contains lhs/shape_177.npz, skipped
WARNING:root:manifest already contains lhs/shape_178.npz, skipped
WARNING:root:manifest already contains lhs/shape_179.npz, skipped
WARNING:root:manifest already contains lhs/shape_180.npz, skipped
WARNING:root:manifest already contains lhs/shape_181.npz, skipped
WARNING:root:manifest already contains lhs/shape_182.npz, skipped
WARNING:root:manifest already contains lhs/shape_183.npz, skipped
WARNING:root:manifest already contains lhs/shape_184.npz, skipped
WARNING:root:manifest already contains lhs/shape_185.npz, skipped
WARNING:root:manifest already contains lhs/shape_186.npz, skipped
WARNING:root:manifest already contains lhs/shape_187.npz, skipped
WARNING:root:manifest already contains lhs/shape_188.npz, skipped
WARNING:root:manifest already contains lhs/shape_189.npz, skipped
WARNING:root:manifest already contains lhs/shape_190.npz, skipped
WARNING:root:manifest already contains lhs/shape_191.npz, skipped
WARNING:root:manifest already contains lhs/shape_192.npz, skipped
WARNING:root:manifest already contains lhs/shape_193.npz, skipped
WARNING:root:manifest already contains lhs/shape_194.npz, skipped
WARNING:root:manifest already contains lhs/shape_195.npz, skipped
WARNING:root:manifest already contains lhs/shape_196.npz, skipped
WARNING:root:manifest already contains lhs/shape_197.npz, skipped
WARNING:root:manifest already contains lhs/shape_198.npz, skipped
WARNING:root:manifest already contains lhs/shape_199.npz, skipped
WARNING:root:manifest already contains lhs/shape_200.npz, skipped
WARNING:root:manifest already contains lhs/shape_201.npz, skipped
WARNING:root:manifest already contains lhs/shape_202.npz, skipped
WARNING:root:manifest already contains lhs/shape_203.npz, skipped
WARNING:root:manifest already contains lhs/shape_204.npz, skipped
WARNING:root:manifest already contains lhs/shape_205.npz, skipped
WARNING:root:manifest already contains lhs/shape_206.npz, skipped
WARNING:root:manifest already contains lhs/shape_207.npz, skipped
WARNING:root:manifest already contains lhs/shape_208.npz, skipped
WARNING:root:manifest already contains lhs/shape_209.npz, skipped
WARNING:root:manifest already contains lhs/shape_210.npz, skipped
WARNING:root:manifest already contains lhs/shape_211.npz, skipped
WARNING:root:manifest already contains lhs/shape_212.npz, skipped
WARNING:root:manifest already contains lhs/shape_213.npz, skipped
WARNING:root:manifest already contains lhs/shape_214.npz, skipped
WARNING:root:manifest already contains lhs/shape_215.npz, skipped
WARNING:root:manifest already contains lhs/shape_216.npz, skipped
WARNING:root:manifest already contains lhs/shape_217.npz, skipped
WARNING:root:manifest already contains lhs/shape_218.npz, skipped
WARNING:root:manifest already contains lhs/shape_219.npz, skipped
WARNING:root:manifest already contains lhs/shape_220.npz, skipped
WARNING:root:manifest already contains lhs/shape_221.npz, skipped
WARNING:root:manifest already contains lhs/shape_222.npz, skipped
WARNING:root:manifest already contains lhs/shape_223.npz, skipped
WARNING:root:manifest already contains lhs/shape_224.npz, skipped
WARNING:root:manifest already contains lhs/shape_225.npz, skipped
WARNING:root:manifest already contains lhs/shape_226.npz, skipped
WARNING:root:manifest already contains lhs/shape_227.npz, skipped
WARNING:root:manifest already contains lhs/shape_228.npz, skipped
WARNING:root:manifest already contains lhs/shape_229.npz, skipped
WARNING:root:manifest already contains lhs/shape_230.npz, skipped
WARNING:root:manifest already contains lhs/shape_231.npz, skipped
WARNING:root:manifest already contains lhs/shape_232.npz, skipped
WARNING:root:manifest already contains lhs/shape_233.npz, skipped
WARNING:root:manifest already contains lhs/shape_234.npz, skipped
WARNING:root:manifest already contains lhs/shape_235.npz, skipped
WARNING:root:manifest already contains lhs/shape_236.npz, skipped
WARNING:root:manifest already contains lhs/shape_237.npz, skipped
WARNING:root:manifest already contains lhs/shape_238.npz, skipped
WARNING:root:manifest already contains lhs/shape_239.npz, skipped
WARNING:root:manifest already contains lhs/shape_240.npz, skipped
WARNING:root:manifest already contains lhs/shape_241.npz, skipped
WARNING:root:manifest already contains lhs/shape_242.npz, skipped
WARNING:root:manifest already contains lhs/shape_243.npz, skipped
WARNING:root:manifest already contains lhs/shape_244.npz, skipped
WARNING:root:manifest already contains lhs/shape_245.npz, skipped
WARNING:root:manifest already contains lhs/shape_246.npz, skipped
WARNING:root:manifest already contains lhs/shape_247.npz, skipped
WARNING:root:manifest already contains lhs/shape_248.npz, skipped
WARNING:root:manifest already contains lhs/shape_249.npz, skipped
WARNING:root:manifest already contains lhs/shape_250.npz, skipped
WARNING:root:manifest already contains lhs/shape_251.npz, skipped
WARNING:root:manifest already contains lhs/shape_252.npz, skipped
WARNING:root:manifest already contains lhs/shape_253.npz, skipped
WARNING:root:manifest already contains lhs/shape_254.npz, skipped
WARNING:root:manifest already contains lhs/shape_255.npz, skipped
WARNING:root:manifest already contains lhs/shape_256.npz, skipped
WARNING:root:manifest already contains lhs/shape_257.npz, skipped
WARNING:root:manifest already contains lhs/shape_258.npz, skipped
WARNING:root:manifest already contains lhs/shape_259.npz, skipped
WARNING:root:manifest already contains lhs/shape_260.npz, skipped
WARNING:root:manifest already contains lhs/shape_261.npz, skipped
WARNING:root:manifest already contains lhs/shape_262.npz, skipped
WARNING:root:manifest already contains lhs/shape_263.npz, skipped
WARNING:root:manifest already contains lhs/shape_264.npz, skipped
WARNING:root:manifest already contains lhs/shape_265.npz, skipped
WARNING:root:manifest already contains lhs/shape_266.npz, skipped
WARNING:root:manifest already contains lhs/shape_267.npz, skipped
WARNING:root:manifest already contains lhs/shape_268.npz, skipped
WARNING:root:manifest already contains lhs/shape_269.npz, skipped
WARNING:root:manifest already contains lhs/shape_270.npz, skipped
WARNING:root:manifest already contains lhs/shape_271.npz, skipped
WARNING:root:manifest already contains lhs/shape_272.npz, skipped
WARNING:root:manifest already contains lhs/shape_273.npz, skipped
WARNING:root:manifest already contains lhs/shape_274.npz, skipped
WARNING:root:manifest already contains lhs/shape_275.npz, skipped
WARNING:root:manifest already contains lhs/shape_276.npz, skipped
WARNING:root:manifest already contains lhs/shape_277.npz, skipped
WARNING:root:manifest already contains lhs/shape_278.npz, skipped
WARNING:root:manifest already contains lhs/shape_279.npz, skipped
WARNING:root:manifest already contains lhs/shape_280.npz, skipped
WARNING:root:manifest already contains lhs/shape_281.npz, skipped
WARNING:root:manifest already contains lhs/shape_282.npz, skipped
WARNING:root:manifest already contains lhs/shape_283.npz, skipped
WARNING:root:manifest already contains lhs/shape_284.npz, skipped
WARNING:root:manifest already contains lhs/shape_285.npz, skipped
WARNING:root:manifest already contains lhs/shape_286.npz, skipped
WARNING:root:manifest already contains lhs/shape_287.npz, skipped
WARNING:root:manifest already contains lhs/shape_288.npz, skipped
WARNING:root:manifest already contains lhs/shape_289.npz, skipped
WARNING:root:manifest already contains lhs/shape_290.npz, skipped
WARNING:root:manifest already contains lhs/shape_291.npz, skipped
WARNING:root:manifest already contains lhs/shape_292.npz, skipped
WARNING:root:manifest already contains lhs/shape_293.npz, skipped
WARNING:root:manifest already contains lhs/shape_294.npz, skipped
WARNING:root:manifest already contains lhs/shape_295.npz, skipped
WARNING:root:manifest already contains lhs/shape_296.npz, skipped
WARNING:root:manifest already contains lhs/shape_297.npz, skipped
WARNING:root:manifest already contains lhs/shape_298.npz, skipped
WARNING:root:manifest already contains lhs/shape_299.npz, skipped
WARNING:root:manifest already contains lhs/shape_300.npz, skipped
WARNING:root:manifest already contains lhs/shape_301.npz, skipped
WARNING:root:manifest already contains lhs/shape_302.npz, skipped
WARNING:root:manifest already contains lhs/shape_303.npz, skipped
WARNING:root:manifest already contains lhs/shape_304.npz, skipped
WARNING:root:manifest already contains lhs/shape_305.npz, skipped
WARNING:root:manifest already contains lhs/shape_306.npz, skipped
WARNING:root:manifest already contains lhs/shape_307.npz, skipped
WARNING:root:manifest already contains lhs/shape_308.npz, skipped
WARNING:root:manifest already contains lhs/shape_309.npz, skipped
WARNING:root:manifest already contains lhs/shape_310.npz, skipped
WARNING:root:manifest already contains lhs/shape_311.npz, skipped
WARNING:root:manifest already contains lhs/shape_312.npz, skipped
WARNING:root:manifest already contains lhs/shape_313.npz, skipped
WARNING:root:manifest already contains lhs/shape_314.npz, skipped
WARNING:root:manifest already contains lhs/shape_315.npz, skipped
WARNING:root:manifest already contains lhs/shape_316.npz, skipped
WARNING:root:manifest already contains lhs/shape_317.npz, skipped
WARNING:root:manifest already contains lhs/shape_318.npz, skipped
WARNING:root:manifest already contains lhs/shape_319.npz, skipped
WARNING:root:manifest already contains lhs/shape_320.npz, skipped
WARNING:root:manifest already contains lhs/shape_321.npz, skipped
WARNING:root:manifest already contains lhs/shape_322.npz, skipped
WARNING:root:manifest already contains lhs/shape_323.npz, skipped
WARNING:root:manifest already contains lhs/shape_324.npz, skipped
WARNING:root:manifest already contains lhs/shape_325.npz, skipped
WARNING:root:manifest already contains lhs/shape_326.npz, skipped
WARNING:root:manifest already contains lhs/shape_327.npz, skipped
WARNING:root:manifest already contains lhs/shape_328.npz, skipped
WARNING:root:manifest already contains lhs/shape_329.npz, skipped
WARNING:root:manifest already contains lhs/shape_330.npz, skipped
WARNING:root:manifest already contains lhs/shape_331.npz, skipped
WARNING:root:manifest already contains lhs/shape_332.npz, skipped
WARNING:root:manifest already contains lhs/shape_333.npz, skipped
WARNING:root:manifest already contains lhs/shape_334.npz, skipped
WARNING:root:manifest already contains lhs/shape_335.npz, skipped
WARNING:root:manifest already contains lhs/shape_336.npz, skipped
WARNING:root:manifest already contains lhs/shape_337.npz, skipped
WARNING:root:manifest already contains lhs/shape_338.npz, skipped
WARNING:root:manifest already contains lhs/shape_339.npz, skipped
WARNING:root:manifest already contains lhs/shape_340.npz, skipped
WARNING:root:manifest already contains lhs/shape_341.npz, skipped
WARNING:root:manifest already contains lhs/shape_342.npz, skipped
WARNING:root:manifest already contains lhs/shape_343.npz, skipped
WARNING:root:manifest already contains lhs/shape_344.npz, skipped
WARNING:root:manifest already contains lhs/shape_345.npz, skipped
WARNING:root:manifest already contains lhs/shape_346.npz, skipped
WARNING:root:manifest already contains lhs/shape_347.npz, skipped
WARNING:root:manifest already contains lhs/shape_348.npz, skipped
WARNING:root:manifest already contains lhs/shape_349.npz, skipped
WARNING:root:manifest already contains lhs/shape_350.npz, skipped
WARNING:root:manifest already contains lhs/shape_351.npz, skipped
WARNING:root:manifest already contains lhs/shape_352.npz, skipped
WARNING:root:manifest already contains lhs/shape_353.npz, skipped
WARNING:root:manifest already contains lhs/shape_354.npz, skipped
WARNING:root:manifest already contains lhs/shape_355.npz, skipped
WARNING:root:manifest already contains lhs/shape_356.npz, skipped
WARNING:root:manifest already contains lhs/shape_357.npz, skipped
WARNING:root:manifest already contains lhs/shape_358.npz, skipped
WARNING:root:manifest already contains lhs/shape_359.npz, skipped
WARNING:root:manifest already contains lhs/shape_360.npz, skipped
WARNING:root:manifest already contains lhs/shape_361.npz, skipped
WARNING:root:manifest already contains lhs/shape_362.npz, skipped
WARNING:root:manifest already contains lhs/shape_363.npz, skipped
WARNING:root:manifest already contains lhs/shape_364.npz, skipped
WARNING:root:manifest already contains lhs/shape_365.npz, skipped
WARNING:root:manifest already contains lhs/shape_366.npz, skipped
WARNING:root:manifest already contains lhs/shape_367.npz, skipped
WARNING:root:manifest already contains lhs/shape_368.npz, skipped
WARNING:root:manifest already contains lhs/shape_369.npz, skipped
WARNING:root:manifest already contains lhs/shape_370.npz, skipped
WARNING:root:manifest already contains lhs/shape_371.npz, skipped
WARNING:root:manifest already contains lhs/shape_372.npz, skipped
WARNING:root:manifest already contains lhs/shape_373.npz, skipped
WARNING:root:manifest already contains lhs/shape_374.npz, skipped
WARNING:root:manifest already contains lhs/shape_375.npz, skipped
WARNING:root:manifest already contains lhs/shape_376.npz, skipped
WARNING:root:manifest already contains lhs/shape_377.npz, skipped
WARNING:root:manifest already contains lhs/shape_378.npz, skipped
WARNING:root:manifest already contains lhs/shape_379.npz, skipped
WARNING:root:manifest already contains lhs/shape_380.npz, skipped
WARNING:root:manifest already contains lhs/shape_381.npz, skipped
WARNING:root:manifest already contains lhs/shape_382.npz, skipped
WARNING:root:manifest already contains lhs/shape_383.npz, skipped
WARNING:root:manifest already contains lhs/shape_384.npz, skipped
WARNING:root:manifest already contains lhs/shape_385.npz, skipped
WARNING:root:manifest already contains lhs/shape_386.npz, skipped
WARNING:root:manifest already contains lhs/shape_387.npz, skipped
WARNING:root:manifest already contains lhs/shape_388.npz, skipped
WARNING:root:manifest already contains lhs/shape_389.npz, skipped
WARNING:root:manifest already contains lhs/shape_390.npz, skipped
WARNING:root:manifest already contains lhs/shape_391.npz, skipped
WARNING:root:manifest already contains lhs/shape_392.npz, skipped
WARNING:root:manifest already contains lhs/shape_393.npz, skipped
WARNING:root:manifest already contains lhs/shape_394.npz, skipped
WARNING:root:manifest already contains lhs/shape_395.npz, skipped
WARNING:root:manifest already contains lhs/shape_396.npz, skipped
WARNING:root:manifest already contains lhs/shape_397.npz, skipped
WARNING:root:manifest already contains lhs/shape_398.npz, skipped
WARNING:root:manifest already contains lhs/shape_399.npz, skipped
WARNING:root:manifest already contains lhs/shape_400.npz, skipped
WARNING:root:manifest already contains lhs/shape_401.npz, skipped
WARNING:root:manifest already contains lhs/shape_402.npz, skipped
WARNING:root:manifest already contains lhs/shape_403.npz, skipped
WARNING:root:manifest already contains lhs/shape_404.npz, skipped
WARNING:root:manifest already contains lhs/shape_405.npz, skipped
WARNING:root:manifest already contains lhs/shape_406.npz, skipped
WARNING:root:manifest already contains lhs/shape_407.npz, skipped
WARNING:root:manifest already contains lhs/shape_408.npz, skipped
WARNING:root:manifest already contains lhs/shape_409.npz, skipped
WARNING:root:manifest already contains lhs/shape_410.npz, skipped
WARNING:root:manifest already contains lhs/shape_411.npz, skipped
WARNING:root:manifest already contains lhs/shape_412.npz, skipped
WARNING:root:manifest already contains lhs/shape_413.npz, skipped
WARNING:root:manifest already contains lhs/shape_414.npz, skipped
WARNING:root:manifest already contains lhs/shape_415.npz, skipped
WARNING:root:manifest already contains lhs/shape_416.npz, skipped
WARNING:root:manifest already contains lhs/shape_417.npz, skipped
WARNING:root:manifest already contains lhs/shape_418.npz, skipped
WARNING:root:manifest already contains lhs/shape_419.npz, skipped
WARNING:root:manifest already contains lhs/shape_420.npz, skipped
WARNING:root:manifest already contains lhs/shape_421.npz, skipped
WARNING:root:manifest already contains lhs/shape_422.npz, skipped
WARNING:root:manifest already contains lhs/shape_423.npz, skipped
WARNING:root:manifest already contains lhs/shape_424.npz, skipped
WARNING:root:manifest already contains lhs/shape_425.npz, skipped
WARNING:root:manifest already contains lhs/shape_426.npz, skipped
WARNING:root:manifest already contains lhs/shape_427.npz, skipped
WARNING:root:manifest already contains lhs/shape_428.npz, skipped
WARNING:root:manifest already contains lhs/shape_429.npz, skipped
WARNING:root:manifest already contains lhs/shape_430.npz, skipped
WARNING:root:manifest already contains lhs/shape_431.npz, skipped
WARNING:root:manifest already contains lhs/shape_432.npz, skipped
WARNING:root:manifest already contains lhs/shape_433.npz, skipped
WARNING:root:manifest already contains lhs/shape_434.npz, skipped
WARNING:root:manifest already contains lhs/shape_435.npz, skipped
WARNING:root:manifest already contains lhs/shape_436.npz, skipped
WARNING:root:manifest already contains lhs/shape_437.npz, skipped
WARNING:root:manifest already contains lhs/shape_438.npz, skipped
WARNING:root:manifest already contains lhs/shape_439.npz, skipped
WARNING:root:manifest already contains lhs/shape_440.npz, skipped
WARNING:root:manifest already contains lhs/shape_441.npz, skipped
WARNING:root:manifest already contains lhs/shape_442.npz, skipped
WARNING:root:manifest already contains lhs/shape_443.npz, skipped
WARNING:root:manifest already contains lhs/shape_444.npz, skipped
WARNING:root:manifest already contains lhs/shape_445.npz, skipped
WARNING:root:manifest already contains lhs/shape_446.npz, skipped
WARNING:root:manifest already contains lhs/shape_447.npz, skipped
WARNING:root:manifest already contains lhs/shape_448.npz, skipped
WARNING:root:manifest already contains lhs/shape_449.npz, skipped
WARNING:root:manifest already contains lhs/shape_450.npz, skipped
WARNING:root:manifest already contains lhs/shape_451.npz, skipped
WARNING:root:manifest already contains lhs/shape_452.npz, skipped
WARNING:root:manifest already contains lhs/shape_453.npz, skipped
WARNING:root:manifest already contains lhs/shape_454.npz, skipped
WARNING:root:manifest already contains lhs/shape_455.npz, skipped
WARNING:root:manifest already contains lhs/shape_456.npz, skipped
WARNING:root:manifest already contains lhs/shape_457.npz, skipped
WARNING:root:manifest already contains lhs/shape_458.npz, skipped
WARNING:root:manifest already contains lhs/shape_459.npz, skipped
WARNING:root:manifest already contains lhs/shape_460.npz, skipped
WARNING:root:manifest already contains lhs/shape_461.npz, skipped
WARNING:root:manifest already contains lhs/shape_462.npz, skipped
WARNING:root:manifest already contains lhs/shape_463.npz, skipped
WARNING:root:manifest already contains lhs/shape_464.npz, skipped
WARNING:root:manifest already contains lhs/shape_465.npz, skipped
WARNING:root:manifest already contains lhs/shape_466.npz, skipped
WARNING:root:manifest already contains lhs/shape_467.npz, skipped
WARNING:root:manifest already contains lhs/shape_468.npz, skipped
WARNING:root:manifest already contains lhs/shape_469.npz, skipped
WARNING:root:manifest already contains lhs/shape_470.npz, skipped
WARNING:root:manifest already contains lhs/shape_471.npz, skipped
WARNING:root:manifest already contains lhs/shape_472.npz, skipped
WARNING:root:manifest already contains lhs/shape_473.npz, skipped
WARNING:root:manifest already contains lhs/shape_474.npz, skipped
WARNING:root:manifest already contains lhs/shape_475.npz, skipped
WARNING:root:manifest already contains lhs/shape_476.npz, skipped
WARNING:root:manifest already contains lhs/shape_477.npz, skipped
WARNING:root:manifest already contains lhs/shape_478.npz, skipped
WARNING:root:manifest already contains lhs/shape_479.npz, skipped
WARNING:root:manifest already contains lhs/shape_480.npz, skipped
WARNING:root:manifest already contains lhs/shape_481.npz, skipped
WARNING:root:manifest already contains lhs/shape_482.npz, skipped
WARNING:root:manifest already contains lhs/shape_483.npz, skipped
WARNING:root:manifest already contains lhs/shape_484.npz, skipped
WARNING:root:manifest already contains lhs/shape_485.npz, skipped
WARNING:root:manifest already contains lhs/shape_486.npz, skipped
WARNING:root:manifest already contains lhs/shape_487.npz, skipped
WARNING:root:manifest already contains lhs/shape_488.npz, skipped
WARNING:root:manifest already contains lhs/shape_489.npz, skipped
WARNING:root:manifest already contains lhs/shape_490.npz, skipped
WARNING:root:manifest already contains lhs/shape_491.npz, skipped
WARNING:root:manifest already contains lhs/shape_492.npz, skipped
WARNING:root:manifest already contains lhs/shape_493.npz, skipped
WARNING:root:manifest already contains lhs/shape_494.npz, skipped
WARNING:root:manifest already contains lhs/shape_495.npz, skipped
WARNING:root:manifest already contains lhs/shape_496.npz, skipped
WARNING:root:manifest already contains lhs/shape_497.npz, skipped
WARNING:root:manifest already contains lhs/shape_498.npz, skipped
WARNING:root:manifest already contains lhs/shape_499.npz, skipped
INFO:root:manifest data/openfoam/ellipsoids_u10/lhs_latents.npz: 527 shapes
